// Jest Snapshot v1, https://goo.gl/fbAQLP

exports[`<Signup/> renders and mathces snapshot 1`] = `
<form
  className="Form-sc-1xszr8q-0 krRxky"
  data-test="form"
  method="post"
  onSubmit={[Function]}
>
  <fieldset
    aria-busy={false}
    disabled={false}
  >
    <h2>
      Sign Up For an Account
    </h2>
    <DisplayError
      error={Object {}}
    />
    <label
      htmlFor="name"
    >
      name
      <input
        name="name"
        onChange={[Function]}
        placeholder="name"
        type="text"
        value=""
      />
    </label>
    <label
      htmlFor="email"
    >
      email
      <input
        name="email"
        onChange={[Function]}
        placeholder="email"
        type="email"
        value=""
      />
    </label>
    <label
      htmlFor="password"
    >
      password
      <input
        name="password"
        onChange={[Function]}
        placeholder="password"
        type="password"
        value=""
      />
    </label>
    <button
      type="submit"
    >
      Sign up!
    </button>
  </fieldset>
</form>
`;
